
Running 7 tests using 6 workers

[1/7] [chromium] › tests/layout/navbar.spec.ts:115:7 › Komponen Navbar › Validasi State Aktif & Desain Visual: Verifikasi penandaan garis bawah biru dan perubahan menu aktif
[2/7] [chromium] › tests/layout/navbar.spec.ts:85:7 › Komponen Navbar › Validasi Interaksi Dropdown "Services": Buka dropdown dan klik salah satu sub-menu
[3/7] [chromium] › tests/layout/navbar.spec.ts:143:7 › Komponen Navbar › Validasi CTA Button: Klik tombol "Get in Touch" dan verifikasi navigasi
[4/7] [chromium] › tests/layout/navbar.spec.ts:15:7 › Komponen Navbar › Validasi Render Utama: Pastikan logo, semua menu utama, dan tombol CTA terlihat
[5/7] [chromium] › tests/layout/navbar.spec.ts:51:7 › Komponen Navbar › Validasi Navigasi Anchor (Internal Links): Klik masing-masing menu internal dan verifikasi URL hash
[6/7] [chromium] › tests/layout/navbar.spec.ts:74:7 › Komponen Navbar › Validasi Navigasi Halaman Baru: Klik menu "Career" dan verifikasi navigasi rute baru
[7/7] [chromium] › tests/layout/navbar.spec.ts:155:7 › Komponen Navbar › Validasi Responsif: Hamburger menu dan navigasi di mobile view
  7 passed (23.8s)

To open last HTML report run:
[36m[39m
[36m  npx playwright show-report[39m
[36m[39m
